// Jest Snapshot v1, https://goo.gl/fbAQLP

exports[`ExpandButton_Snapshot 1`] = `
<button
  className="button  expanded"
  onClick={[Function]}
/>
`;
